
> nextjs-woocommerce@1.2.4 build
> next build

Γû▓ Next.js 16.1.1 (Turbopack)
- Environments: .env

  Running TypeScript ...
  Creating an optimized production build ...
Γ£ô Compiled successfully in 46s
  Collecting page data using 3 workers ...
  Generating static pages using 3 workers (0/25) ...
node.exe : An error 
occurred! For more 
details, see the 
full error text at ht
tps://go.apollo.dev/c
/err#%7B%22version%22
%3A%223.14.0%22%2C%22
message%22%3A104%2C%2
2args%22%3A%5B%22cach
e.diff%22%2C%22canoni
zeResults%22%2C%22Ple
ase%20remove%20this%2
0option.%22%5D%7D
At line:1 char:1
+ & "C:\Program Files
\nodejs/node.exe" "C:
\Users\THE\AppData\Ro
aming\np ...
+ ~~~~~~~~~~~~~~~~~~~
~~~~~~~~~~~~~~~~~~~~~
~~~~~~~~~~~~~~~~~~~~~
~~~~~~~~
    + CategoryInfo   
           : NotSpe  
  cified: (An erro   
 r occurr...ption    
.%22%5D%7D:Strin    
g) [], RemoteExc    
eption
    + FullyQualified 
   ErrorId : Native  
  CommandError
 
An error occurred! 
For more details, 
see the full error 
text at https://go.ap
ollo.dev/c/err#%7B%22
version%22%3A%223.14.
0%22%2C%22message%22%
3A104%2C%22args%22%3A
%5B%22cache.diff%22%2
C%22canonizeResults%2
2%2C%22Please%20remov
e%20this%20option.%22
%5D%7D
An error occurred! 
For more details, 
see the full error 
text at https://go.ap
ollo.dev/c/err#%7B%22
version%22%3A%223.14.
0%22%2C%22message%22%
3A104%2C%22args%22%3A
%5B%22cache.diff%22%2
C%22canonizeResults%2
2%2C%22Please%20remov
e%20this%20option.%22
%5D%7D
An error occurred! 
For more details, 
see the full error 
text at https://go.ap
ollo.dev/c/err#%7B%22
version%22%3A%223.14.
0%22%2C%22message%22%
3A104%2C%22args%22%3A
%5B%22cache.diff%22%2
C%22canonizeResults%2
2%2C%22Please%20remov
e%20this%20option.%22
%5D%7D
An error occurred! 
For more details, 
see the full error 
text at https://go.ap
ollo.dev/c/err#%7B%22
version%22%3A%223.14.
0%22%2C%22message%22%
3A104%2C%22args%22%3A
%5B%22cache.diff%22%2
C%22canonizeResults%2
2%2C%22Please%20remov
e%20this%20option.%22
%5D%7D
An error occurred! 
For more details, 
see the full error 
text at https://go.ap
ollo.dev/c/err#%7B%22
version%22%3A%223.14.
0%22%2C%22message%22%
3A104%2C%22args%22%3A
%5B%22cache.diff%22%2
C%22canonizeResults%2
2%2C%22Please%20remov
e%20this%20option.%22
%5D%7D
An error occurred! 
For more details, 
see the full error 
text at https://go.ap
ollo.dev/c/err#%7B%22
version%22%3A%223.14.
0%22%2C%22message%22%
3A104%2C%22args%22%3A
%5B%22cache.diff%22%2
C%22canonizeResults%2
2%2C%22Please%20remov
e%20this%20option.%22
%5D%7D
An error occurred! 
For more details, 
see the full error 
text at https://go.ap
ollo.dev/c/err#%7B%22
version%22%3A%223.14.
0%22%2C%22message%22%
3A104%2C%22args%22%3A
%5B%22cache.diff%22%2
C%22canonizeResults%2
2%2C%22Please%20remov
e%20this%20option.%22
%5D%7D
An error occurred! 
For more details, 
see the full error 
text at https://go.ap
ollo.dev/c/err#%7B%22
version%22%3A%223.14.
0%22%2C%22message%22%
3A104%2C%22args%22%3A
%5B%22cache.diff%22%2
C%22canonizeResults%2
2%2C%22Please%20remov
e%20this%20option.%22
%5D%7D
An error occurred! 
For more details, 
see the full error 
text at https://go.ap
ollo.dev/c/err#%7B%22
version%22%3A%223.14.
0%22%2C%22message%22%
3A104%2C%22args%22%3A
%5B%22cache.diff%22%2
C%22canonizeResults%2
2%2C%22Please%20remov
e%20this%20option.%22
%5D%7D
An error occurred! 
For more details, 
see the full error 
text at https://go.ap
ollo.dev/c/err#%7B%22
version%22%3A%223.14.
0%22%2C%22message%22%
3A104%2C%22args%22%3A
%5B%22cache.diff%22%2
C%22canonizeResults%2
2%2C%22Please%20remov
e%20this%20option.%22
%5D%7D
An error occurred! 
For more details, 
see the full error 
text at https://go.ap
ollo.dev/c/err#%7B%22
version%22%3A%223.14.
0%22%2C%22message%22%
3A104%2C%22args%22%3A
%5B%22cache.diff%22%2
C%22canonizeResults%2
2%2C%22Please%20remov
e%20this%20option.%22
%5D%7D
An error occurred! 
For more details, 
see the full error 
text at https://go.ap
ollo.dev/c/err#%7B%22
version%22%3A%223.14.
0%22%2C%22message%22%
3A104%2C%22args%22%3A
%5B%22cache.diff%22%2
C%22canonizeResults%2
2%2C%22Please%20remov
e%20this%20option.%22
%5D%7D
  Generating static pages using 3 workers (6/25) 
An error occurred! 
For more details, 
see the full error 
text at https://go.ap
ollo.dev/c/err#%7B%22
version%22%3A%223.14.
0%22%2C%22message%22%
3A104%2C%22args%22%3A
%5B%22cache.diff%22%2
C%22canonizeResults%2
2%2C%22Please%20remov
e%20this%20option.%22
%5D%7D
An error occurred! 
For more details, 
see the full error 
text at https://go.ap
ollo.dev/c/err#%7B%22
version%22%3A%223.14.
0%22%2C%22message%22%
3A104%2C%22args%22%3A
%5B%22cache.diff%22%2
C%22canonizeResults%2
2%2C%22Please%20remov
e%20this%20option.%22
%5D%7D
An error occurred! 
For more details, 
see the full error 
text at https://go.ap
ollo.dev/c/err#%7B%22
version%22%3A%223.14.
0%22%2C%22message%22%
3A104%2C%22args%22%3A
%5B%22cache.diff%22%2
C%22canonizeResults%2
2%2C%22Please%20remov
e%20this%20option.%22
%5D%7D
An error occurred! 
For more details, 
see the full error 
text at https://go.ap
ollo.dev/c/err#%7B%22
version%22%3A%223.14.
0%22%2C%22message%22%
3A104%2C%22args%22%3A
%5B%22cache.diff%22%2
C%22canonizeResults%2
2%2C%22Please%20remov
e%20this%20option.%22
%5D%7D
An error occurred! 
For more details, 
see the full error 
text at https://go.ap
ollo.dev/c/err#%7B%22
version%22%3A%223.14.
0%22%2C%22message%22%
3A104%2C%22args%22%3A
%5B%22cache.diff%22%2
C%22canonizeResults%2
2%2C%22Please%20remov
e%20this%20option.%22
%5D%7D
An error occurred! 
For more details, 
see the full error 
text at https://go.ap
ollo.dev/c/err#%7B%22
version%22%3A%223.14.
0%22%2C%22message%22%
3A104%2C%22args%22%3A
%5B%22cache.diff%22%2
C%22canonizeResults%2
2%2C%22Please%20remov
e%20this%20option.%22
%5D%7D
An error occurred! 
For more details, 
see the full error 
text at https://go.ap
ollo.dev/c/err#%7B%22
version%22%3A%223.14.
0%22%2C%22message%22%
3A104%2C%22args%22%3A
%5B%22cache.diff%22%2
C%22canonizeResults%2
2%2C%22Please%20remov
e%20this%20option.%22
%5D%7D
An error occurred! 
For more details, 
see the full error 
text at https://go.ap
ollo.dev/c/err#%7B%22
version%22%3A%223.14.
0%22%2C%22message%22%
3A104%2C%22args%22%3A
%5B%22cache.diff%22%2
C%22canonizeResults%2
2%2C%22Please%20remov
e%20this%20option.%22
%5D%7D
An error occurred! 
For more details, 
see the full error 
text at https://go.ap
ollo.dev/c/err#%7B%22
version%22%3A%223.14.
0%22%2C%22message%22%
3A104%2C%22args%22%3A
%5B%22cache.diff%22%2
C%22canonizeResults%2
2%2C%22Please%20remov
e%20this%20option.%22
%5D%7D
An error occurred! 
For more details, 
see the full error 
text at https://go.ap
ollo.dev/c/err#%7B%22
version%22%3A%223.14.
0%22%2C%22message%22%
3A104%2C%22args%22%3A
%5B%22cache.diff%22%2
C%22canonizeResults%2
2%2C%22Please%20remov
e%20this%20option.%22
%5D%7D
  Generating static pages using 3 workers (12/25) 
An error occurred! 
For more details, 
see the full error 
text at https://go.ap
ollo.dev/c/err#%7B%22
version%22%3A%223.14.
0%22%2C%22message%22%
3A104%2C%22args%22%3A
%5B%22cache.diff%22%2
C%22canonizeResults%2
2%2C%22Please%20remov
e%20this%20option.%22
%5D%7D
An error occurred! 
For more details, 
see the full error 
text at https://go.ap
ollo.dev/c/err#%7B%22
version%22%3A%223.14.
0%22%2C%22message%22%
3A104%2C%22args%22%3A
%5B%22cache.diff%22%2
C%22canonizeResults%2
2%2C%22Please%20remov
e%20this%20option.%22
%5D%7D
An error occurred! 
For more details, 
see the full error 
text at https://go.ap
ollo.dev/c/err#%7B%22
version%22%3A%223.14.
0%22%2C%22message%22%
3A104%2C%22args%22%3A
%5B%22cache.diff%22%2
C%22canonizeResults%2
2%2C%22Please%20remov
e%20this%20option.%22
%5D%7D
An error occurred! 
For more details, 
see the full error 
text at https://go.ap
ollo.dev/c/err#%7B%22
version%22%3A%223.14.
0%22%2C%22message%22%
3A104%2C%22args%22%3A
%5B%22cache.diff%22%2
C%22canonizeResults%2
2%2C%22Please%20remov
e%20this%20option.%22
%5D%7D
An error occurred! 
For more details, 
see the full error 
text at https://go.ap
ollo.dev/c/err#%7B%22
version%22%3A%223.14.
0%22%2C%22message%22%
3A104%2C%22args%22%3A
%5B%22cache.diff%22%2
C%22canonizeResults%2
2%2C%22Please%20remov
e%20this%20option.%22
%5D%7D
An error occurred! 
For more details, 
see the full error 
text at https://go.ap
ollo.dev/c/err#%7B%22
version%22%3A%223.14.
0%22%2C%22message%22%
3A104%2C%22args%22%3A
%5B%22cache.diff%22%2
C%22canonizeResults%2
2%2C%22Please%20remov
e%20this%20option.%22
%5D%7D
An error occurred! 
For more details, 
see the full error 
text at https://go.ap
ollo.dev/c/err#%7B%22
version%22%3A%223.14.
0%22%2C%22message%22%
3A104%2C%22args%22%3A
%5B%22cache.diff%22%2
C%22canonizeResults%2
2%2C%22Please%20remov
e%20this%20option.%22
%5D%7D
An error occurred! 
For more details, 
see the full error 
text at https://go.ap
ollo.dev/c/err#%7B%22
version%22%3A%223.14.
0%22%2C%22message%22%
3A104%2C%22args%22%3A
%5B%22cache.diff%22%2
C%22canonizeResults%2
2%2C%22Please%20remov
e%20this%20option.%22
%5D%7D
An error occurred! 
For more details, 
see the full error 
text at https://go.ap
ollo.dev/c/err#%7B%22
version%22%3A%223.14.
0%22%2C%22message%22%
3A104%2C%22args%22%3A
%5B%22cache.diff%22%2
C%22canonizeResults%2
2%2C%22Please%20remov
e%20this%20option.%22
%5D%7D
An error occurred! 
For more details, 
see the full error 
text at https://go.ap
ollo.dev/c/err#%7B%22
version%22%3A%223.14.
0%22%2C%22message%22%
3A104%2C%22args%22%3A
%5B%22cache.diff%22%2
C%22canonizeResults%2
2%2C%22Please%20remov
e%20this%20option.%22
%5D%7D
An error occurred! 
For more details, 
see the full error 
text at https://go.ap
ollo.dev/c/err#%7B%22
version%22%3A%223.14.
0%22%2C%22message%22%
3A104%2C%22args%22%3A
%5B%22cache.diff%22%2
C%22canonizeResults%2
2%2C%22Please%20remov
e%20this%20option.%22
%5D%7D
  Generating static pages using 3 workers (18/25) 
An error occurred! 
For more details, 
see the full error 
text at https://go.ap
ollo.dev/c/err#%7B%22
version%22%3A%223.14.
0%22%2C%22message%22%
3A104%2C%22args%22%3A
%5B%22cache.diff%22%2
C%22canonizeResults%2
2%2C%22Please%20remov
e%20this%20option.%22
%5D%7D
An error occurred! 
For more details, 
see the full error 
text at https://go.ap
ollo.dev/c/err#%7B%22
version%22%3A%223.14.
0%22%2C%22message%22%
3A104%2C%22args%22%3A
%5B%22cache.diff%22%2
C%22canonizeResults%2
2%2C%22Please%20remov
e%20this%20option.%22
%5D%7D
An error occurred! 
For more details, 
see the full error 
text at https://go.ap
ollo.dev/c/err#%7B%22
version%22%3A%223.14.
0%22%2C%22message%22%
3A104%2C%22args%22%3A
%5B%22cache.diff%22%2
C%22canonizeResults%2
2%2C%22Please%20remov
e%20this%20option.%22
%5D%7D
An error occurred! 
For more details, 
see the full error 
text at https://go.ap
ollo.dev/c/err#%7B%22
version%22%3A%223.14.
0%22%2C%22message%22%
3A104%2C%22args%22%3A
%5B%22cache.diff%22%2
C%22canonizeResults%2
2%2C%22Please%20remov
e%20this%20option.%22
%5D%7D
An error occurred! 
For more details, 
see the full error 
text at https://go.ap
ollo.dev/c/err#%7B%22
version%22%3A%223.14.
0%22%2C%22message%22%
3A104%2C%22args%22%3A
%5B%22cache.diff%22%2
C%22canonizeResults%2
2%2C%22Please%20remov
e%20this%20option.%22
%5D%7D
An error occurred! 
For more details, 
see the full error 
text at https://go.ap
ollo.dev/c/err#%7B%22
version%22%3A%223.14.
0%22%2C%22message%22%
3A104%2C%22args%22%3A
%5B%22cache.diff%22%2
C%22canonizeResults%2
2%2C%22Please%20remov
e%20this%20option.%22
%5D%7D
An error occurred! 
For more details, 
see the full error 
text at https://go.ap
ollo.dev/c/err#%7B%22
version%22%3A%223.14.
0%22%2C%22message%22%
3A104%2C%22args%22%3A
%5B%22cache.diff%22%2
C%22canonizeResults%2
2%2C%22Please%20remov
e%20this%20option.%22
%5D%7D
Γ£ô Generating static pages using 3 workers (25/25) in 5.6s
  Finalizing page optimization ...

Route (pages)
Γöî ΓùÅ /
Γö£   /_app
Γö£ Γùï /404
Γö£ ╞Æ /brand/[slug]
Γö£ Γùï /cart (640 ms)
Γö£ ΓùÅ /categories
Γö£ Γùï /checkout (595 ms)
Γö£ Γùï /forgot-password (597 ms)
Γö£ ╞Æ /location/[slug]
Γö£ Γùï /login (597 ms)
Γö£ Γùï /my-account (596 ms)
Γö£ ╞Æ /product-category/[slug]
Γö£ ╞Æ /product/[slug]
Γö£ ΓùÅ /products
Γö£ Γùï /refurbished-policy (596 ms)
Γö£ Γùï /register (596 ms)
Γö£ Γùï /reset-password (596 ms)
Γöö Γùï /search

Γùï  (Static)   prerendered as static content
ΓùÅ  (SSG)      prerendered as static HTML (uses getStaticProps)
╞Æ  (Dynamic)  server-rendered on demand


> nextjs-woocommerce@1.2.4 postbuild
> next-sitemap

Γ£¿ [next-sitemap] Loading next-sitemap config: file:///C:/Users/THE/nextjs-woocommerce-master/next-sitemap.config.js
Γ£à [next-sitemap] Generation completed
ΓöîΓöÇΓöÇΓöÇΓöÇΓöÇΓöÇΓöÇΓöÇΓöÇΓöÇΓöÇΓöÇΓöÇΓöÇΓöÇΓö¼ΓöÇΓöÇΓöÇΓöÇΓöÇΓöÇΓöÇΓöÇΓöÉ
Γöé (index)       Γöé Values Γöé
Γö£ΓöÇΓöÇΓöÇΓöÇΓöÇΓöÇΓöÇΓöÇΓöÇΓöÇΓöÇΓöÇΓöÇΓöÇΓöÇΓö╝ΓöÇΓöÇΓöÇΓöÇΓöÇΓöÇΓöÇΓöÇΓöñ
Γöé indexSitemaps Γöé 1      Γöé
Γöé sitemaps      Γöé 1      Γöé
ΓööΓöÇΓöÇΓöÇΓöÇΓöÇΓöÇΓöÇΓöÇΓöÇΓöÇΓöÇΓöÇΓöÇΓöÇΓöÇΓö┤ΓöÇΓöÇΓöÇΓöÇΓöÇΓöÇΓöÇΓöÇΓöÿ
-----------------------------------------------------
 SITEMAP INDICES 
-----------------------------------------------------

   Γùï https://shopwice.com/sitemap.xml


-----------------------------------------------------
 SITEMAPS 
-----------------------------------------------------

   Γùï https://shopwice.com/sitemap-0.xml


